---
source: tests/tui_snapshots.rs
expression: frame.snapshot_text(scenario.sandbox.root())
---
viewport: 120x40
cursor: 1,10 visible=true
alternate-screen: true
---
╭─────────────────── jtv-recipes ────────────────────╮╭──────────────── Recipe details ⟨ ● ○ ⟩ ctrl-f ─────────────────╮
│ > queue-                                    1 / 3  ││  Source: Root                                                 ▲│
╰────────────────────────────────────────────────────╯│  Justfile: <SANDBOX>/project/justfile              █│
╭───────────── Root ⟨ ● ○ ○ ○ ⟩ ctrl-s ──────────────╮│                                                               █│
│ > ● 🔷 queue-a                                     ││  queue-a                                                      █│
│   ● 🔷 queue-b-fail                                ││                                                               █│
│   ● 🔷 queue-c-after                               ││  Summary                                                      █│
│                                                    ││  First recipe in the deterministic queue.                     █│
│                                                    ││                                                               █│
│                                                    ││  Recipe                                                       █│
│                                                    ││  queue-a                                                      █│
│                                                    ││  @printf 'queue-a\n' >> "$JTV_E2E_LOG"                        █│
│                                                    ││                                                               █│
│                                                    ││                                                               █│
│                                                    ││                                                               █│
│                                                    ││                                                               █│
│                                                    ││                                                               █│
│                                                    ││                                                               █│
│                                                    ││                                                               █│
│                                                    ││                                                               █│
│                                                    ││                                                               █│
│                                                    ││                                                               █│
│                                                    ││                                                               █│
│                                                    ││                                                               █│
│                                                    ││                                                               █│
│                                                    ││                                                               █│
│                                                    ││                                                               █│
│                                                    ││                                                               █│
│                                                    ││                                                               █│
│                                                    ││                                                               █│
│                                                    ││                                                               ║│
│                                                    ││                                                               ║│
│                                                    ││                                                               ║│
│                                                    ││                                                               ║│
│                                                    ││                                                               ║│
│                                                    ││                                                               ║│
│                                                    ││                                                               ║│
│                                                    ││                                                               ▼│
╰────────────────────────────────────────────────────╯╰────────────────────────────────────────────────────────────────╯
  CHANNEL  jtv-recipes •                     Actions: ctrl-x • Help: ctrl-h                                     v0.15.9
